C51 COMPILER V9.01   DELAY                                                                 04/10/2016 12:20:01 PAGE 1   


C51 COMPILER V9.01, COMPILATION OF MODULE DELAY
OBJECT MODULE PLACED IN delay.OBJ
COMPILER INVOKED BY: E:\Program Files\Keil_v5\C51\BIN\C51.EXE delay.c BROWSE DEBUG OBJECTEXTEND TABS(2)

line level    source

   1           /*********************************************************************
   2           *
   3           *                           delay.c
   4           *
   5           *********************************************************************
   6           * 描    述: 网上收集整理的延时函数，试用源码。
   7           * 开发平台: KEIL+HL-1/HJ-3G/HJ-C52开发板*/
   8          
   9          #include "stc.h"/*包含STC单片机头文件*/
  10          #include "delay.h"/*包含网上收集的延时函数头文件*/
  11          #include <intrins.h>/*包含含有_nop_()函数的头文件*/
  12          
  13          /*一些固定延时函数*/
  14          
  15          /*1uS延时函数*/
  16          /*FOSC=11.0592、12、22.1184MHZ时，适用*/
  17          /*其他晶振频率时，要调整_nop_();语句的句数，_nop_();语句的句数=FOSC-10*/
  18          long int FOSC=12000000;
  19          void delay1us()
  20          {
  21   1      FOSC==12000000
  22   1          _nop_();_nop_();
*** ERROR C141 IN LINE 22 OF DELAY.C: syntax error near '_nop_'
  23   1      
  24   1      }
  25          
  26          /*2uS延时函数*/
  27          /*FOSC=11.0592、12、22.1184MHZ时，适用*/
  28          /*其他晶振频率时，要调整_nop_();语句的句数，_nop_();语句的句数=2*FOSC-10*/
  29          void delay2us()
  30          {
  31   1        #if FOSC==11059200
*** WARNING C322 IN LINE 31 OF delay.c: unknown identifier
                  _nop_();  _nop_();  _nop_();  _nop_();  _nop_();
                  _nop_();  _nop_();  _nop_();  _nop_();  _nop_();
                  _nop_();  _nop_();
                #elif FOSC==12000000
*** WARNING C322 IN LINE 35 OF delay.c: unknown identifier
                  _nop_();  _nop_();  _nop_();  _nop_();  _nop_();
                  _nop_();  _nop_();  _nop_();  _nop_();  _nop_();
                  _nop_();  _nop_();  _nop_();  _nop_();  
                #elif FOSC==22118400
*** WARNING C322 IN LINE 39 OF delay.c: unknown identifier
                  _nop_();  _nop_();  _nop_();  _nop_();  _nop_();
                  _nop_();  _nop_();  _nop_();  _nop_();  _nop_();
                  _nop_();  _nop_();  _nop_();  _nop_();  _nop_();
                  _nop_();  _nop_();  _nop_();  _nop_();  _nop_();
                  _nop_();  _nop_();  _nop_();  _nop_();  _nop_();
                  _nop_();  _nop_();  _nop_();  _nop_();  _nop_();
                  _nop_();  _nop_();  _nop_();  _nop_();  
                #endif
  48   1      }
  49          
  50          
  51          /*5uS延时函数*/
C51 COMPILER V9.01   DELAY                                                                 04/10/2016 12:20:01 PAGE 2   

  52          void delay5us()
  53          {
  54   1        delay8((FOSC/1000000*5-18)/10);
  55   1      }
  56          
  57          /*10uS延时函数*/
  58          void delay10us()
  59          {
  60   1        delay8((FOSC/1000000*10-18)/10);
  61   1      }
  62          
  63          
  64          /*20uS延时函数*/
  65          void delay20us()
  66          {
  67   1        delay8((FOSC/1000000*20-18)/10);
  68   1      }
  69          /*50uS延时函数*/
  70          void delay50us()
  71          {
  72   1        delay8((FOSC/1000000*50-18)/10);
  73   1      }
  74          /*100uS延时函数*/
  75          void delay100us()
  76          {
  77   1        delay((0.1*FOSC/1000-24)/13);
  78   1      }
  79          /*200uS延时函数*/
  80          void delay200us()
  81          {
  82   1        delay((0.2*FOSC/1000-24)/13);
  83   1      }
  84          /*500uS延时函数*/
  85          void delay500us()
  86          {
  87   1        delay((0.5*FOSC/1000-24)/13);
  88   1      }
  89          /*1mS延时函数*/
  90          void delay1ms()
  91          {
  92   1        delay((1*FOSC/1000-24)/13);
  93   1      }
  94          /*2mS延时函数*/
  95          void delay2ms()
  96          {
  97   1        delay((2*FOSC/1000-24)/13);
  98   1      }
  99          /*5mS延时函数*/
 100          void delay5ms()
 101          {
 102   1        delay((5*FOSC/1000-24)/13);
 103   1      }
 104          /*10mS延时函数*/
 105          void delay10ms()
 106          {
 107   1        delay((10*FOSC/1000-24)/13);
 108   1      }
 109          /*20mS延时函数*/
 110          void delay20ms()
 111          {
 112   1        delayms(20);
 113   1      }
C51 COMPILER V9.01   DELAY                                                                 04/10/2016 12:20:01 PAGE 3   

 114          /*50mS延时函数*/
 115          void delay50ms()
 116          {
 117   1        delayms(50);
 118   1      }
 119          /*100mS延时函数*/
 120          void delay100ms()
 121          {
 122   1        delayms(100);
 123   1      }
 124          /*200mS延时函数*/
 125          void delay200ms()
 126          {
 127   1        delayms(200);
 128   1      }
 129          /*500mS延时函数*/
 130          void delay500ms()
 131          {
 132   1        delays(0.5);
 133   1      }
 134          /*1S延时函数*/
 135          void delay1s()
 136          {
 137   1        delays(1);
 138   1      }
 139          /*2S延时函数*/
 140          void delay2s()
 141          {
 142   1        delays(2);
 143   1      }
 144          /*5S延时函数*/
 145          void delay5s()
 146          {
 147   1        delays(5);
 148   1      }
 149          /*10S延时函数*/
 150          void delay10s()
 151          {
 152   1        delays(10);
 153   1      }
 154          
 155          /*0.8us--116us延时函数(FOSC=22.1184M时)*/
 156          /*1.5us--214us延时函数(FOSC=12M时)*/
 157          /*1.6us--232us延时函数(FOSC=11.0592M时)*/
 158          /*延时时间：(18+10t)/FOSC*/
 159          /*最大延时：2568/FOSC*/
 160          /*最小延时：18/FOSC*/
 161          /*设要延时的时间为T(常量，单位为us),调用方式:delay8((FOSC/1000000*T-18)/10)*/
 162          /*例如要延时的时间为100us,调用方式:delay8((FOSC/1000000*100-18)/10)*/
 163          void delay8(unsigned char t)
 164          {
 165   1        unsigned char i;  
 166   1        for(i=t;i;i--);
 167   1      }
 168          
 169          /*1.1us--38.5ms延时函数(FOSC=22.1184M时)*/
 170          /*2us--70.9ms延时函数(FOSC=12M时)*/
 171          /*2.2us--77ms延时函数(FOSC=11.0592M时)*/
 172          /*延时时间：(13t+24)/FOSC
 173          /*最大延时：851979/FOSC 
 174          /*最小延时：24/FOSC   
 175          /*设要延时的时间为T(常量，单位为ms),调用方式:delay((T*FOSC/1000-24)/13)*/
C51 COMPILER V9.01   DELAY                                                                 04/10/2016 12:20:01 PAGE 4   

 176          /*例如要延时的时间为10ms,调用方式:delay((10*FOSC/1000-24)/13)*/
 177          void delay(unsigned int t)
 178          {
 179   1        unsigned int i; 
 180   1        for(i=t;i;i--);
 181   1      }
 182          
 183          
 184          
 185          /*一个毫秒级可变延时函数*/
 186          /*功  能：实现与参数直接对应的时间（单位为毫秒）的延时*/
 187          /*参  数：范围1到255*/
 188          /*返回值：无*/
 189          void delayms(unsigned char t)
 190          {
 191   1        unsigned char j;  
 192   1        for(j=t;j;j--)  
 193   1          delay1ms();/*1ms延时*/
 194   1      }
 195            
 196          
 197          /*一个秒级可变延时函数*/
 198          /*功  能：实现与参数直接对应的时间（单位为秒）的延时*/
 199          /*参  数：范围0.01到42949672*/
 200          /*返回值：无*/
 201          void delays(float t)
 202          {
 203   1        unsigned int j;
 204   1        j=t*100;
 205   1         while(j--)
 206   1          {
 207   2          delay10ms();/*10ms延时*/
 208   2        }
 209   1      }

C51 COMPILATION COMPLETE.  3 WARNING(S),  1 ERROR(S)
